---
- !ruby/object:Gemview::Gem::Version
  version: 1.6.0
  downloads: 7496385
  release_date: 2022-11-04
  ruby_version: ">= 2.7.0"
- !ruby/object:Gemview::Gem::Version
  version: 1.5.2
  downloads: 4062223
  release_date: 2022-10-19
  ruby_version: ">= 2.7.0"
- !ruby/object:Gemview::Gem::Version
  version: 1.5.1
  downloads: 33012
  release_date: 2022-10-17
  ruby_version: ">= 2.7.0"
- !ruby/object:Gemview::Gem::Version
  version: 1.5.0
  downloads: 3388
  release_date: 2022-10-15
  ruby_version: ">= 2.7.0"
- !ruby/object:Gemview::Gem::Version
  version: 1.4.0
  downloads: 8190875
  release_date: 2021-01-21
  ruby_version: ">= 2.5.0"
- !ruby/object:Gemview::Gem::Version
  version: 1.3.0
  downloads: 4171242
  release_date: 2020-02-10
  ruby_version: ">= 2.4.0"
- !ruby/object:Gemview::Gem::Version
  version: 1.2.0
  downloads: 1317595
  release_date: 2019-12-20
  ruby_version: ">= 2.4.0"
- !ruby/object:Gemview::Gem::Version
  version: 1.1.1
  downloads: 2274245
  release_date: 2019-10-13
  ruby_version: ">= 2.4.0"
- !ruby/object:Gemview::Gem::Version
  version: 1.1.0
  downloads: 33203
  release_date: 2019-10-07
  ruby_version: ">= 2.4.0"
- !ruby/object:Gemview::Gem::Version
  version: 1.0.0
  downloads: 1300165
  release_date: 2019-04-23
  ruby_version: ">= 2.4.0"
- !ruby/object:Gemview::Gem::Version
  version: 0.7.0
  downloads: 669886
  release_date: 2019-03-22
  ruby_version: ">= 2.3.0"
- !ruby/object:Gemview::Gem::Version
  version: 0.6.0
  downloads: 2239203
  release_date: 2018-10-24
  ruby_version: ">= 0"
- !ruby/object:Gemview::Gem::Version
  version: 0.5.1
  downloads: 615227
  release_date: 2018-08-11
  ruby_version: ">= 0"
- !ruby/object:Gemview::Gem::Version
  version: 0.5.0
  downloads: 320650
  release_date: 2018-05-03
  ruby_version: ">= 0"
- !ruby/object:Gemview::Gem::Version
  version: 0.4.0
  downloads: 1070735
  release_date: 2017-11-04
  ruby_version: ">= 0"
- !ruby/object:Gemview::Gem::Version
  version: 0.3.1
  downloads: 924916
  release_date: 2017-06-30
  ruby_version: ">= 0"
- !ruby/object:Gemview::Gem::Version
  version: 0.3.0
  downloads: 95748
  release_date: 2017-05-05
  ruby_version: ">= 0"
- !ruby/object:Gemview::Gem::Version
  version: 0.2.1
  downloads: 222226
  release_date: 2017-02-27
  ruby_version: ">= 0"
- !ruby/object:Gemview::Gem::Version
  version: 0.2.0
  downloads: 2953
  release_date: 2017-02-26
  ruby_version: ">= 0"
- !ruby/object:Gemview::Gem::Version
  version: 0.1.1
  downloads: 881809
  release_date: 2016-11-13
  ruby_version: ">= 0"
- !ruby/object:Gemview::Gem::Version
  version: 0.1.0
  downloads: 25330
  release_date: 2016-09-22
  ruby_version: ">= 0"
- !ruby/object:Gemview::Gem::Version
  version: 0.0.1
  downloads: 12314
  release_date: 2016-07-17
  ruby_version: ">= 0"
