  [1.42.1] standard Â» Dependencies

  [Dependencies]

    Runtime Dependencies:
    gem "language_server-protocol", "~> 3.17.0.2"
    gem "lint_roller", "~> 1.0"
    gem "rubocop", "~> 1.68.0"
    gem "standard-custom", "~> 1.0.0"
    gem "standard-performance", "~> 1.5"
    Development Dependencies:
    (none)
