  [1.42.1] standard

  Ruby Style Guide, with linter & automatic code fixer
  ┌─────────────────┬────────────────────────────────────┐
  │ Updated at      │ 2024-11-19 00:56:52 UTC            │ 
  ├─────────────────┼────────────────────────────────────┤
  │ Total Downloads │ 22,791,345                         │ 
  ├─────────────────┼────────────────────────────────────┤
  │ Authors         │ Justin Searls                      │ 
  ├─────────────────┼────────────────────────────────────┤
  │ Licenses        │ []                                 │ 
  ├─────────────────┼────────────────────────────────────┤
  │ Project URI     │ https://rubygems.org/gems/standard │ 
  └─────────────────┴────────────────────────────────────┘

More info: